// Jest Snapshot v1, https://goo.gl/fbAQLP

exports[`Button.vue should render custom text & on "click" invoke custom function & snapshot 1`] = `
VueWrapper {
  "_emitted": Object {},
  "_emittedByOrder": Array [],
  "isFunctionalComponent": undefined,
}
`;
