// Jest Snapshot v1, https://goo.gl/fbAQLP

exports[`Paragraph.vue render custom text & add custom css style & snapshot 1`] = `
VueWrapper {
  "_emitted": Object {},
  "_emittedByOrder": Array [],
  "isFunctionalComponent": undefined,
}
`;
